<?xml version="1.0" encoding="utf-8"?><testsuites><testsuite name="pytest" errors="0" failures="0" skipped="0" tests="2" time="0.149" timestamp="2023-02-20T19:45:50.903463" hostname="Dr_Kaufman"><testcase classname="tests.test_allowed_file.TestBacklogPerInstanceMetric" name="test_invalid_filename" time="0.001" /><testcase classname="tests.test_allowed_file.TestBacklogPerInstanceMetric" name="test_valid_filename" time="0.001" /></testsuite></testsuites>